stm32l0xx_it.c:91:6:NMI_Handler	8	static
stm32l0xx_it.c:103:6:HardFault_Handler	8	static
stm32l0xx_it.c:118:6:MemManage_Handler	8	static
stm32l0xx_it.c:131:6:BusFault_Handler	8	static
stm32l0xx_it.c:144:6:UsageFault_Handler	8	static
stm32l0xx_it.c:157:6:SVC_Handler	8	static
stm32l0xx_it.c:166:6:DebugMon_Handler	8	static
stm32l0xx_it.c:175:6:PendSV_Handler	8	static
stm32l0xx_it.c:184:6:SysTick_Handler	8	static
stm32l0xx_it.c:209:6:SPI2_IRQHandler	8	static
stm32l0xx_it.c:214:6:USART1_IRQHandler	8	static
stm32l0xx_it.c:222:6:DMA1_Channel2_3_IRQHandler	8	static
stm32l0xx_it.c:228:6:USART2_IRQHandler	8	static
stm32l0xx_it.c:233:6:RTC_IRQHandler	8	static
stm32l0xx_it.c:238:6:EXTI0_1_IRQHandler	8	static
stm32l0xx_it.c:245:6:EXTI2_3_IRQHandler	8	static
stm32l0xx_it.c:253:6:EXTI4_15_IRQHandler	8	static
